// Jest Snapshot v1, https://goo.gl/fbAQLP

exports[`Probando el <GifExpertApp /> Debe mostrar una lista de categor√≠as 1`] = `
<Fragment>
  <h2>
    GifExpertApp
  </h2>
  <AddCategory
    setCategories={[Function]}
  />
  <hr />
  <ol>
    <GifGrid
      category="One Piece"
      key="One Piece"
    />
    <GifGrid
      category="Dragon ball"
      key="Dragon ball"
    />
  </ol>
</Fragment>
`;

exports[`Probando el <GifExpertApp /> Debe mostrarse correctamente 1`] = `
<Fragment>
  <h2>
    GifExpertApp
  </h2>
  <AddCategory
    setCategories={[Function]}
  />
  <hr />
  <ol>
    <GifGrid
      category="One Piece"
      key="One Piece"
    />
  </ol>
</Fragment>
`;
