// Jest Snapshot v1, https://goo.gl/fbAQLP

exports[`Pruebas en <GifGridItem /> Debe mostrar el componente correctamente 1`] = `
<a
  href="https://localhost/algo.jpg"
>
  <div
    className="card animate__animated animate__fadeIn"
  >
    <img
      alt="Un título"
      src="https://localhost/algo.jpg"
    />
    <p>
      Un título
    </p>
  </div>
</a>
`;
